[2026-04-16 20:47:31.641 INF] Streamer.bot (1.0.4)
[2026-04-16 20:47:31.643 INF] Startup Path: C:\Users\littl\Documents\GitHub\AtomSmasherStreamerbot
[2026-04-16 20:47:31.643 INF] Startup Args: 
[2026-04-16 20:47:31.643 INF] Startup Mode: UI
[2026-04-16 20:47:31.643 INF] Logging Level: Debug
[2026-04-16 20:47:31.643 INF] Instance Id: 06fed1eb-4928-42ca-9057-06594f534c13
[2026-04-16 20:47:31.643 INF] Instance Name: Streamer.bot
[2026-04-16 20:47:31.643 INF] Operating System: Windows
[2026-04-16 20:47:31.643 INF] UserInteractive: True
[2026-04-16 20:47:31.643 INF] WebView2: Found (v147.0.3912.60)
[2026-04-16 20:47:31.651 INF] Backing up data files
[2026-04-16 20:47:31.860 INF] Loading config
[2026-04-16 20:47:32.526 INF] Users :: Upgrade checks finished, 4.3373ms
[2026-04-16 20:47:32.545 DBG] Users :: Loaded 178 users.
[2026-04-16 20:47:32.591 DBG] Twitch Rewards :: Loaded 28 rewards.
[2026-04-16 20:47:35.008 DBG] Actions :: Loaded 151 actions.
[2026-04-16 20:47:35.015 DBG] OBS Settings :: Loaded.
[2026-04-16 20:47:35.022 DBG] MeldStudio Settings :: Loaded.
[2026-04-16 20:47:35.081 DBG] Commands :: Loaded 45 commands.
[2026-04-16 20:47:35.244 DBG] MIDI :: Loaded 0 actions.
[2026-04-16 20:47:35.952 DBG] Credits :: Performing auto reset of data, 52.9174855301111 > 12
[2026-04-16 20:47:36.808 INF] Streamer.bot Service :: Logging into account
[2026-04-16 20:47:36.951 INF] Streamer.bot Service :: Account (firehair) authenticated
[2026-04-16 20:47:40.360 DBG] Events Service :: Starting application event queue thread
[2026-04-16 20:47:40.361 DBG] Events Service :: Starting event queue thread
[2026-04-16 20:47:40.361 DBG] Events Service :: Starting raw event queue thread
[2026-04-16 20:47:40.361 DBG] Trigger Service :: Initialized
[2026-04-16 20:47:40.367 DBG] ActionQueue :: Starting queue 00000000-0000-0000-0000-000000000000 thread
[2026-04-16 20:47:40.369 DBG] ActionQueue :: Starting queue b010a7bd-2056-4238-9302-fad378219231 thread
[2026-04-16 20:47:40.369 DBG] ActionQueue :: Starting queue 8c6ed466-566c-4b26-93c9-9338de27fff4 thread
[2026-04-16 20:47:40.369 DBG] ActionQueue :: Starting queue e0693c07-e52a-4914-a5b9-5a5a01e74b15 thread
[2026-04-16 20:47:40.369 DBG] ActionQueue :: Starting queue 1955c224-a7c9-41c0-9077-40868553d18a thread
[2026-04-16 20:47:40.369 DBG] ActionQueue :: Starting queue f5b88e4c-33be-41a6-a453-02af0b6c4fc3 thread
[2026-04-16 20:47:40.376 DBG] Quotes :: Loaded 8 quotes.
[2026-04-16 20:47:40.483 DBG] Viewers :: 10.3518ms to populate view model
[2026-04-16 20:47:40.831 INF] Streamer.bot Service :: Connecting to Website Client
[2026-04-16 20:47:40.834 DBG] Streamer.bot Website Socket :: Opening connection
[2026-04-16 20:47:40.846 DBG] MeldStudio Service :: Starting event thread
[2026-04-16 20:47:40.846 DBG] OBS Service :: Starting event thread
[2026-04-16 20:47:40.852 DBG] TwitchService :: Initializing
[2026-04-16 20:47:40.859 DBG] TwitchService :: Logging into Broadcaster account
[2026-04-16 20:47:40.866 DBG] TwitchService :: Logging into Bot account
[2026-04-16 20:47:40.867 DBG] OBS :: Opening websocket connection to OBS (127.0.0.1:4455)
[2026-04-16 20:47:40.870 DBG] OBS-Websocket5 :: Opening connection (ws://127.0.0.1:4455/api/websocket)
[2026-04-16 20:47:40.872 DBG] Websocket Client :: Auto connecting to clients
[2026-04-16 20:47:40.874 DBG] Websocket Custom Server :: Auto starting servers
[2026-04-16 20:47:40.874 DBG] Websocket Server :: Starting server (ws://127.0.0.1:8080)
[2026-04-16 20:47:40.877 DBG] Websocket Server (Godot Websocket) :: Starting server (ws://127.0.0.1:9090/)
[2026-04-16 20:47:40.878 DBG] Websocket Server :: Starting queue thread
[2026-04-16 20:47:40.880 DBG] Websocket Server (Godot Websocket) :: Starting message queue thread
[2026-04-16 20:47:40.881 DBG] Websocket Server :: Starting command queue thread
[2026-04-16 20:47:40.889 INF] MIDI Service :: Initializing 0 MIDI devices
[2026-04-16 20:47:40.891 INF] SpeechToText :: Initializing recognition engine
[2026-04-16 20:47:40.891 DBG] MIDI Service :: Starting event thread
[2026-04-16 20:47:40.896 DBG] UsbRemovalWatcher :: Disposed
[2026-04-16 20:47:40.896 INF] Input Service: Found 2 valid key inputs.
[2026-04-16 20:47:41.096 DBG] SpeechToText :: Starting recognition engine
[2026-04-16 20:47:41.098 DBG] SpeechToText :: Starting queue thread
[2026-04-16 20:47:41.152 INF] Streamer.bot Service :: Website Client authenticated
[2026-04-16 20:47:41.154 INF] Streamer.bot Service :: Connected to Website Client
[2026-04-16 20:47:41.305 INF] TwitchService :: Fetching Bot account information
[2026-04-16 20:47:41.319 INF] TwitchService :: Fetching Broadcaster account information
[2026-04-16 20:47:41.416 INF] StreamElements :: Logging into account
[2026-04-16 20:47:41.494 INF] TwitchService :: Bot account (atomsmasherbot) authenticated
[2026-04-16 20:47:41.494 INF] TwitchService :: Broadcaster account (atomsmasher101) authenticated
[2026-04-16 20:47:41.496 INF] TwitchService :: Connecting to Bot EventSub
[2026-04-16 20:47:41.502 DBG] Twitch EventSub (Bot) :: Opening connection
[2026-04-16 20:47:41.535 INF] StreamElements :: Account (atomsmasher101) authenticated
[2026-04-16 20:47:41.537 INF] StreamElements Service :: Connecting to Client
[2026-04-16 20:47:41.540 DBG] StreamElements Socket :: Opening connection
[2026-04-16 20:47:41.599 DBG] Twitch Service :: Initializing Third Party Emote Handlers
[2026-04-16 20:47:41.601 DBG] Twitch Service :: Init rest
[2026-04-16 20:47:41.603 INF] 7TV :: Initializing user '50822403', on twitch
[2026-04-16 20:47:41.613 INF] BTTV :: Initializing user '50822403', on twitch
[2026-04-16 20:47:41.615 INF] BetterTTV.Socket :: Connecting to BTTV WebSocket, monitoring for changes for user '50822403' on twitch
[2026-04-16 20:47:41.621 INF] FFZ :: Initializing user 'atomsmasher101' (50822403), on twitch
[2026-04-16 20:47:41.682 DBG] Twitch EventSub (Bot) :: Subscribing to 1 events
[2026-04-16 20:47:41.688 INF] BTTV :: Loaded 65 global emotes
[2026-04-16 20:47:41.781 INF] FFZ :: Loaded 15 global emotes
[2026-04-16 20:47:41.836 INF] StreamElements Service :: Connected to Client
[2026-04-16 20:47:41.839 ERR] BTTV :: Response error NotFound from BTTV channel endpoint.
[2026-04-16 20:47:41.872 WRN] FFZ :: Room not found, user does not have channel emotes configured.
[2026-04-16 20:47:41.872 INF] FFZ :: Loaded 0 channel emotes
[2026-04-16 20:47:41.917 DBG] Twitch Service :: Loaded 33 Twitch cheer emotes
[2026-04-16 20:47:41.918 INF] BTTV :: WebSocket Connected
[2026-04-16 20:47:41.964 INF] TwitchService :: Connected to Bot EventSub, and authenticated
[2026-04-16 20:47:42.014 DBG] Twitch Service :: Loaded 252 Twitch badges
[2026-04-16 20:47:42.072 DBG] Twitch Rewards :: Time to save 20.8469ms
[2026-04-16 20:47:42.583 INF] 7TV :: Loaded 44 global emotes
[2026-04-16 20:47:42.759 ERR] 7TV :: Response error NotFound from 7TV channel endpoint.
[2026-04-16 20:47:42.930 DBG] OBS-Websocket5 :: Disconnected
[2026-04-16 20:47:42.930 DBG] OBS :: Disconnected from OBS (127.0.0.1:4455)
[2026-04-16 20:47:43.624 DBG] Twitch Service :: Loaded 655 Twitch user emotes
[2026-04-16 20:47:43.927 DBG] Getting viewers for channel "atomsmasher101" (5)
[2026-04-16 20:47:43.930 DBG] Twitch Service :: Fetched viewers for channel (5)
[2026-04-16 20:47:43.932 DBG] Twitch Service :: (5) - Existing: 5, New Users: 0 (3.2384ms)
[2026-04-16 20:47:43.932 DBG] Twitch Service :: Viewers init in 305.1363ms
[2026-04-16 20:47:43.935 DBG] Twitch Service :: Loading editors for channel atomsmasher101
[2026-04-16 20:47:44.035 DBG] Twitch Service :: Found 7 editors for channel atomsmasher101
[2026-04-16 20:47:44.174 INF] Twitch Service :: Found 13 Moderators for the channel atomsmasher101
[2026-04-16 20:47:44.426 INF] Twitch Service :: Found 18 VIPs for the channel atomsmasher101
[2026-04-16 20:47:44.430 DBG] ViewerRepo :: Time to update mods and VIPs, 0.9014ms (nm: 0, em: 2, nv: 0, ev: 0, ru: 2)
[2026-04-16 20:47:44.430 DBG] Twitch Service :: Time to update/add mods and vips for the channel atomsmasher101, 391.9167ms
[2026-04-16 20:47:44.431 DBG] Twitch Service :: Loading subscribers for atomsmasher101
[2026-04-16 20:47:44.849 DBG] Twitch Service :: "AtomSmasher101" has 5 subscriptions.
[2026-04-16 20:47:44.877 INF] TwitchService :: Connecting to Broadcaster Chat Client
[2026-04-16 20:47:44.884 INF] TwitchService :: Connecting to Broadcaster EventSub
[2026-04-16 20:47:44.884 DBG] Twitch EventSub (Broadcaster) :: Opening connection
[2026-04-16 20:47:44.981 DBG] Twitch (Broadcaster) :: Opening connection
[2026-04-16 20:47:45.000 DBG] Twitch EventSub (Broadcaster) :: Subscribing to 56 events
[2026-04-16 20:47:45.055 DBG] Twitch (Broadcaster) :: Connected to irc.chat.twitch.tv:6697 (44.237.40.50:6697)
[2026-04-16 20:47:45.055 DBG] Twitch (Broadcaster) :: Negotiating SSL stream with irc.chat.twitch.tv
[2026-04-16 20:47:45.293 DBG] Twitch (Broadcaster) :: Twitch Client Socket opened
[2026-04-16 20:47:45.438 DBG] Twitch (Broadcaster) :: Listening and Authenticated
[2026-04-16 20:47:45.440 DBG] Twitch (Broadcaster) :: Joining chanel #atomsmasher101
[2026-04-16 20:47:45.443 INF] TwitchService :: Connected to Broadcaster Chat Client
[2026-04-16 20:47:49.557 DBG] Users :: Time to save 13.8534ms
[2026-04-16 20:47:49.634 DBG] Actions :: Time to save 75.1624ms
[2026-04-16 20:47:49.654 DBG] Commands :: Time to save 17.8534ms
[2026-04-16 20:47:49.663 DBG] Twitch Rewards :: Time to save 9.9306ms
[2026-04-16 20:47:49.676 DBG] Midi :: Time to save 10.1277ms
[2026-04-16 20:47:49.688 DBG] OBS Settings :: Time to save 10.3974ms
[2026-04-16 20:47:49.700 DBG] MeldStudio Settings :: Time to save 10.8021ms
[2026-04-16 20:47:49.716 DBG] Credits :: Time to save 12.1618ms
[2026-04-16 20:47:49.728 DBG] Quotes :: Time to save 11.2731ms
[2026-04-16 20:47:49.737 INF] Shutting down...
[2026-04-16 20:47:49.812 INF] Closing services...
[2026-04-16 20:47:49.812 DBG] UsbRemovalWatcher :: Disposed
[2026-04-16 20:47:49.812 DBG] ProcessWatcher :: Disposed
[2026-04-16 20:47:49.814 DBG] ProcessWatcher :: Disposed
[2026-04-16 20:47:49.816 DBG] Events Service :: Shutting down event queue thread
[2026-04-16 20:47:49.816 DBG] Events Service :: Shutting down application event queue thread
[2026-04-16 20:47:49.816 DBG] Events Service :: Shutting down raw event queue thread
[2026-04-16 20:47:49.879 DBG] Websocket Server :: Stopping server
[2026-04-16 20:47:49.881 DBG] Http Listener :: Channel is not active
[2026-04-16 20:47:49.883 DBG] DonorDrive :: Stopping service
[2026-04-16 20:47:49.885 DBG] OBS Service :: Stopping service
[2026-04-16 20:47:49.890 DBG] MIDI Service :: Stopping service
[2026-04-16 20:47:49.952 DBG] FileTailDaemon :: Waiting for file tails to shut down
[2026-04-16 20:47:50.007 DBG] SpeechToText :: Disposing recognition engine
[2026-04-16 20:47:50.018 DBG] FileWatcherDaemon :: Waiting for file watchers to shut down
[2026-04-16 20:47:50.023 DBG] SLOBS Service :: Stopping service
[2026-04-16 20:47:50.023 DBG] Websocket Server :: Shutting down command queue thread
[2026-04-16 20:47:50.023 DBG] Websocket Server :: Shutting down queue thread
[2026-04-16 20:47:50.023 DBG] MIDI Service :: Shutting down event thread
[2026-04-16 20:47:50.023 DBG] OBS Service :: Shutting down event thread
[2026-04-16 20:47:50.023 DBG] SpeechToText :: Shutting down queue thread
[2026-04-16 20:47:50.027 DBG] ActionDispatcher :: Shutting down action queues
[2026-04-16 20:47:50.045 INF] InlineCode :: Cleaning up '0' execute code instances
[2026-04-16 20:47:50.046 DBG] Websocket Client :: Disconnecting from all connected clients
[2026-04-16 20:47:50.049 DBG] Websocket Custom Server :: Stopping all servers
[2026-04-16 20:47:50.110 DBG] InlineCode :: Cleaned up execute code instances
[2026-04-16 20:47:50.112 DBG] Websocket Server (Godot Websocket) :: Stopping server
[2026-04-16 20:47:50.117 DBG] Websocket Server (Godot Websocket) :: Shutting down message queue thread
[2026-04-16 20:47:50.119 DBG] ActionQueue :: Shutting down queue 00000000-0000-0000-0000-000000000000 thread
[2026-04-16 20:47:50.119 DBG] ActionQueue :: Shutting down queue b010a7bd-2056-4238-9302-fad378219231 thread
[2026-04-16 20:47:50.119 DBG] ActionQueue :: Shutting down queue 8c6ed466-566c-4b26-93c9-9338de27fff4 thread
[2026-04-16 20:47:50.120 DBG] ActionQueue :: Shutting down queue e0693c07-e52a-4914-a5b9-5a5a01e74b15 thread
[2026-04-16 20:47:50.120 DBG] ActionQueue :: Shutting down queue 1955c224-a7c9-41c0-9077-40868553d18a thread
[2026-04-16 20:47:50.120 DBG] ActionQueue :: Shutting down queue f5b88e4c-33be-41a6-a453-02af0b6c4fc3 thread
[2026-04-16 20:47:50.151 DBG] Twitch (Broadcaster) :: Disconnected
[2026-04-16 20:47:50.154 INF] TwitchService :: Disconnected from Broadcaster Chat Client
[2026-04-16 20:47:50.233 DBG] Streamer.bot Website Socket :: Disconnected
[2026-04-16 20:47:50.257 INF] Streamer.bot Service :: Disconnected from Website Client
[2026-04-16 20:47:50.275 INF] TwitchService :: Connected to Broadcaster EventSub, and authenticated
[2026-04-16 20:47:50.364 DBG] MeldStudio Service :: Stopping service
[2026-04-16 20:47:50.405 DBG] MeldStudio Service :: Shutting down event thread
[2026-04-16 20:47:50.609 DBG] Twitch EventSub (Broadcaster) :: Disconnected
[2026-04-16 20:47:50.719 INF] TwitchService :: Disconnected from Broadcaster EventSub
[2026-04-16 20:47:50.900 INF] BTTV :: WebSocket Disconnected
[2026-04-16 20:47:51.127 DBG] Twitch EventSub (Bot) :: Disconnected
[2026-04-16 20:47:51.146 INF] TwitchService :: Disconnected from Bot EventSub
[2026-04-16 20:47:51.558 DBG] Config :: Time to save 1769.5083ms
[2026-04-16 20:47:55.155 DBG] StreamElements Socket :: Disconnected
[2026-04-16 20:47:55.168 INF] StreamElements Service :: Disconnected from Client
[2026-04-16 20:47:55.203 DBG] Commands :: Time to save 25.566ms
[2026-04-16 20:47:55.204 DBG] OBS Settings :: Time to save 26.8198ms
[2026-04-16 20:47:55.204 DBG] MeldStudio Settings :: Time to save 26.6588ms
[2026-04-16 20:47:55.204 DBG] Quotes :: Time to save 27.3722ms
[2026-04-16 20:47:55.204 DBG] Config :: Time to save 26.2466ms
[2026-04-16 20:47:55.205 DBG] Twitch Rewards :: Time to save 27.0946ms
[2026-04-16 20:47:55.225 DBG] Credits :: Time to save 48.8148ms
[2026-04-16 20:47:55.226 DBG] Midi :: Time to save 49.1928ms
[2026-04-16 20:47:55.249 DBG] Users :: Time to save 72.1975ms
[2026-04-16 20:47:55.333 DBG] Actions :: Time to save 156.5419ms
[2026-04-16 20:47:55.349 INF] Streamer.bot exited
